[1mInitial chunk files[22m[2m | [22m[1mNames[22m        [2m | [22m [1mRaw size[22m[2m | [22m[1mEstimated transfer size[22m
[32mmain-KZW5EYKT.js[39m   [2m | [22m[2mmain[22m         [2m | [22m[36m593.77 kB[39m[2m | [22m              [36m137.47 kB[39m
[32mstyles-D57AYWBX.css[39m[2m | [22m[2mstyles[22m       [2m | [22m[36m316.94 kB[39m[2m | [22m               [36m33.30 kB[39m
[32mscripts-TTWY4XDY.js[39m[2m | [22m[2mscripts[22m      [2m | [22m [36m80.45 kB[39m[2m | [22m               [36m21.60 kB[39m

[1m [22m                  [2m | [22m[1mInitial total[22m[2m | [22m[1m991.17 kB[22m[2m | [22m              [1m192.37 kB[22m

Application bundle generation complete. [6.166 seconds] - 2026-02-23T10:31:17.166Z

Output location: C:\Users\aamen\Desktop\Proyecto APWEB\frontend\dist\frontend

